// Vitest Snapshot v1, https://vitest.dev/guide/snapshot.html

exports[`veCheckbox > render normal 1`] = `"<label class="ve-checkbox" style="display: inline-block;"><span class="ve-checkbox-content ve-checkbox-checked"><input class="ve-checkbox-input" type="checkbox" value="orange"><span class="ve-checkbox-inner"></span></span><span class="ve-checkbox-label">orange</span></label>"`;

exports[`veCheckbox > render with checkbox group 1`] = `
"<ve-checkbox-group modelvalue="西红柿,哈密瓜">
  <ve-checkbox label="南瓜"></ve-checkbox>
  <ve-checkbox disabled="" label="西红柿"></ve-checkbox>
  <ve-checkbox label="哈密瓜"></ve-checkbox>
  <ve-checkbox label="水蜜桃"></ve-checkbox>
</ve-checkbox-group>"
`;

exports[`veCheckbox > render with disabled 1`] = `"<label class="ve-checkbox" style="display: inline-block;"><span class="ve-checkbox-content ve-checkbox-checked ve-checkbox-indeterminate"><input class="ve-checkbox-input" type="checkbox" value="orange"><span class="ve-checkbox-inner"></span></span><span class="ve-checkbox-label">orange</span></label>"`;

exports[`veCheckbox > render with indeterminate 1`] = `"<label class="ve-checkbox" style="display: inline-block;"><span class="ve-checkbox-content ve-checkbox-checked ve-checkbox-disabled"><input class="ve-checkbox-input" type="checkbox" value="orange"><span class="ve-checkbox-inner"></span></span><span class="ve-checkbox-label">orange</span></label>"`;
