// Jest Snapshot v1, https://goo.gl/fbAQLP

exports[`veTable footer render 1`] = `
<div class="vue-table-root">
  <div class="fan-table fan-table-border-around" style="width: 100%;">
    <div class="fan-table-container fan-table-enable-cell-selection" style="height: 0px;">
      <div class="fan-table-content-wrapper">
        <table class="fan-table-content fan-table-border-x">
          <colgroup>
            <col>
            <col>
            <col>
            <col>
          </colgroup>
          <thead class="fan-table-fixed-header fan-table-header">
            <tr class="fan-table-header-tr">
              <th rowspan="1" colspan="1" class="fan-table-header-th fan-table-fixed-left fan-table-last-left-fixed-column" style="text-align: center; left: 0px; top: 0px;">Name</th>
              <th rowspan="1" colspan="1" class="fan-table-header-th" style="text-align: left; top: 0px;">Date</th>
              <th rowspan="1" colspan="1" class="fan-table-header-th" style="text-align: center; top: 0px;">Hobby</th>
              <th rowspan="1" colspan="1" class="fan-table-header-th fan-table-last-column" style="text-align: left; top: 0px;">Address</th>
            </tr>
          </thead>
          <tbody class="fan-table-body fan-table-row-hover fan-table-row-highlight">
            <tr style="height: 0px;">
              <td style="padding: 0px; border: 0px; height: 0px;"></td>
              <td style="padding: 0px; border: 0px; height: 0px;"></td>
              <td style="padding: 0px; border: 0px; height: 0px;"></td>
              <td style="padding: 0px; border: 0px; height: 0px;"></td>
            </tr>
            <tr row-key="1001" class="fan-table-body-tr">
              <td rowspan="1" colspan="1" col-key="a" class="fan-table-body-td fan-table-fixed-left fan-table-last-left-fixed-column" style="text-align: center; left: 0px;">John</td>
              <td rowspan="1" colspan="1" col-key="b" class="fan-table-body-td" style="text-align: left;">1900-05-20</td>
              <td rowspan="1" colspan="1" col-key="c" class="fan-table-body-td" style="text-align: center;">coding</td>
              <td rowspan="1" colspan="1" col-key="d" class="fan-table-body-td" style="text-align: left;">No.1 Century Avenue, Shanghai</td>
            </tr>
            <tr row-key="1002" class="fan-table-body-tr">
              <td rowspan="1" colspan="1" col-key="a" class="fan-table-body-td fan-table-fixed-left fan-table-last-left-fixed-column" style="text-align: center; left: 0px;">Dickerson</td>
              <td rowspan="1" colspan="1" col-key="b" class="fan-table-body-td" style="text-align: left;">1910-06-20</td>
              <td rowspan="1" colspan="1" col-key="c" class="fan-table-body-td" style="text-align: center;">coding</td>
              <td rowspan="1" colspan="1" col-key="d" class="fan-table-body-td" style="text-align: left;">No.1 Century Avenue, Beijing</td>
            </tr>
            <tr row-key="1003" class="fan-table-body-tr">
              <td rowspan="1" colspan="1" col-key="a" class="fan-table-body-td fan-table-fixed-left fan-table-last-left-fixed-column" style="text-align: center; left: 0px;">Larsen</td>
              <td rowspan="1" colspan="1" col-key="b" class="fan-table-body-td" style="text-align: left;">2000-07-20</td>
              <td rowspan="1" colspan="1" col-key="c" class="fan-table-body-td" style="text-align: center;">coding and coding repeat</td>
              <td rowspan="1" colspan="1" col-key="d" class="fan-table-body-td" style="text-align: left;">No.1 Century Avenue, Chongqing</td>
            </tr>
            <tr row-key="1004" class="fan-table-body-tr">
              <td rowspan="1" colspan="1" col-key="a" class="fan-table-body-td fan-table-fixed-left fan-table-last-left-fixed-column" style="text-align: center; left: 0px;">Geneva</td>
              <td rowspan="1" colspan="1" col-key="b" class="fan-table-body-td" style="text-align: left;">2010-08-20</td>
              <td rowspan="1" colspan="1" col-key="c" class="fan-table-body-td" style="text-align: center;">coding and coding repeat</td>
              <td rowspan="1" colspan="1" col-key="d" class="fan-table-body-td" style="text-align: left;">No.1 Century Avenue, Xiamen</td>
            </tr>
            <tr row-key="1005" class="fan-table-body-tr">
              <td rowspan="1" colspan="1" col-key="a" class="fan-table-body-td fan-table-fixed-left fan-table-last-left-fixed-column" style="text-align: center; left: 0px;">Jami</td>
              <td rowspan="1" colspan="1" col-key="b" class="fan-table-body-td" style="text-align: left;">2020-09-20</td>
              <td rowspan="1" colspan="1" col-key="c" class="fan-table-body-td" style="text-align: center;">coding and coding repeat</td>
              <td rowspan="1" colspan="1" col-key="d" class="fan-table-body-td" style="text-align: left;">No.1 Century Avenue, Shenzhen</td>
            </tr>
          </tbody>
          <tfoot class="fan-table-fixed-footer fan-table-footer">
            <tr class="fan-table-footer-tr">
              <td rowspan="1" colspan="1" class="fan-table-footer-td fan-table-fixed-left fan-table-last-left-fixed-column" style="text-align: center; left: 0px; bottom: 0px;"><span class="text-bold">平均值</span></td>
              <td rowspan="1" colspan="1" class="fan-table-footer-td" style="text-align: left; bottom: 0px;">213</td>
              <td rowspan="1" colspan="1" class="fan-table-footer-td" style="text-align: center; bottom: 0px;">355</td>
              <td rowspan="1" colspan="1" class="fan-table-footer-td" style="text-align: left; bottom: 0px;">189</td>
            </tr>
            <tr class="fan-table-footer-tr">
              <td rowspan="1" colspan="1" class="fan-table-footer-td fan-table-fixed-left fan-table-last-left-fixed-column" style="text-align: center; left: 0px; bottom: 0px;"><span class="text-bold">汇总值</span></td>
              <td rowspan="1" colspan="1" class="fan-table-footer-td" style="text-align: left; bottom: 0px;">1780</td>
              <td rowspan="1" colspan="1" class="fan-table-footer-td" style="text-align: center; bottom: 0px;">890</td>
              <td rowspan="1" colspan="1" class="fan-table-footer-td" style="text-align: left; bottom: 0px;">2988</td>
            </tr>
          </tfoot>
        </table>
        <div class="fan-table-selection-wrapper">
          <div class="fan-table-selection-fixed-left"></div>
          <div class="fan-table-selection-middle"></div>
          <div class="fan-table-selection-fixed-right"></div>
        </div>
      </div>
    </div>
    <div class="fan-table-edit-input-container" style="top: 0px; left: 0px; height: 1px; z-index: -1; opacity: 0;"><textarea tabindex="-1" class="fan-table-edit-input"></textarea></div>
  </div>
</div>
`;
