// Jest Snapshot v1, https://goo.gl/fbAQLP

exports[`veTable header group render 1`] = `
<div class="vue-table-root">
  <div class="fan-table fan-table-border-around" style="width: 100%;">
    <div class="fan-table-container fan-table-enable-cell-selection" style="height: 0px;">
      <div class="fan-table-content-wrapper">
        <table class="fan-table-content fan-table-border-x">
          <colgroup>
            <col style="width: 10%;">
            <col style="width: 100px;">
            <col style="width: 110px;">
            <col style="width: 130px;">
            <col style="width: 140px;">
            <col style="width: 140px;">
          </colgroup>
          <thead class="fan-table-fixed-header fan-table-header">
            <tr class="fan-table-header-tr">
              <th rowspan="3" colspan="1" class="fan-table-header-th" style="text-align: center; top: 0px;">col1</th>
              <th rowspan="1" colspan="2" class="fan-table-header-th" style="text-align: center; top: 0px;">col2-col3</th>
              <th rowspan="1" colspan="3" class="fan-table-header-th fan-table-last-column" style="text-align: center; top: 0px;">col4-col5-col6</th>
            </tr>
            <tr class="fan-table-header-tr">
              <th rowspan="2" colspan="1" class="fan-table-header-th" style="text-align: center; top: 0px;">col2</th>
              <th rowspan="2" colspan="1" class="fan-table-header-th" style="text-align: center; top: 0px;">col3</th>
              <th rowspan="1" colspan="2" class="fan-table-header-th" style="text-align: center; top: 0px;">col4-col5</th>
              <th rowspan="2" colspan="1" class="fan-table-header-th fan-table-last-column" style="text-align: center; top: 0px;">col6</th>
            </tr>
            <tr class="fan-table-header-tr">
              <th rowspan="1" colspan="1" class="fan-table-header-th" style="text-align: center; top: 0px;">col4</th>
              <th rowspan="1" colspan="1" class="fan-table-header-th" style="text-align: center; top: 0px;">col5</th>
            </tr>
          </thead>
          <tbody class="fan-table-body fan-table-row-hover fan-table-row-highlight">
            <tr style="height: 0px;">
              <td style="padding: 0px; border: 0px; height: 0px;"></td>
              <td style="padding: 0px; border: 0px; height: 0px;"></td>
              <td style="padding: 0px; border: 0px; height: 0px;"></td>
              <td style="padding: 0px; border: 0px; height: 0px;"></td>
              <td style="padding: 0px; border: 0px; height: 0px;"></td>
              <td style="padding: 0px; border: 0px; height: 0px;"></td>
            </tr>
            <tr row-key="0" class="fan-table-body-tr">
              <td rowspan="1" colspan="1" col-key="a" class="fan-table-body-td" style="text-align: center;">1</td>
              <td rowspan="1" colspan="1" col-key="b" class="fan-table-body-td" style="text-align: center;">2</td>
              <td rowspan="1" colspan="1" col-key="c" class="fan-table-body-td" style="text-align: center;">3</td>
              <td rowspan="1" colspan="1" col-key="d" class="fan-table-body-td" style="text-align: center;">4</td>
              <td rowspan="1" colspan="1" col-key="e" class="fan-table-body-td" style="text-align: center;">5</td>
              <td rowspan="1" colspan="1" col-key="f" class="fan-table-body-td" style="text-align: center;">6</td>
            </tr>
            <tr row-key="1" class="fan-table-body-tr">
              <td rowspan="1" colspan="1" col-key="a" class="fan-table-body-td" style="text-align: center;">1</td>
              <td rowspan="1" colspan="1" col-key="b" class="fan-table-body-td" style="text-align: center;">2</td>
              <td rowspan="1" colspan="1" col-key="c" class="fan-table-body-td" style="text-align: center;">3</td>
              <td rowspan="1" colspan="1" col-key="d" class="fan-table-body-td" style="text-align: center;">4</td>
              <td rowspan="1" colspan="1" col-key="e" class="fan-table-body-td" style="text-align: center;">5</td>
              <td rowspan="1" colspan="1" col-key="f" class="fan-table-body-td" style="text-align: center;">6</td>
            </tr>
          </tbody>
          <tfoot class="fan-table-fixed-footer fan-table-footer"></tfoot>
        </table>
        <div class="fan-table-selection-wrapper">
          <div class="fan-table-selection-fixed-left"></div>
          <div class="fan-table-selection-middle"></div>
          <div class="fan-table-selection-fixed-right"></div>
        </div>
      </div>
    </div>
    <div class="fan-table-edit-input-container" style="top: 0px; left: 0px; height: 1px; z-index: -1; opacity: 0;"><textarea tabindex="-1" class="fan-table-edit-input"></textarea></div>
  </div>
</div>
`;
